
Usage:
  sra-search [Options] query accession ...

Summary:
  Searches all reads in the accessions and prints Ids of all the fragments that contain a match.

Example:
  sra-search ACGT SRR000001 SRR000002

Options:
  -h|--help                 Output brief explanation of the program.
  -a|--algorithm <alg>      Search algorithm, one of:
      FgrepDumb (default)
      FgrepBoyerMoore
      FgrepAho
      AgrepDP
      AgrepWuManber
      AgrepMyers
      AgrepMyersUnltd
      NucStrstr
      SmithWaterman

