
Usage:
  sra-search [Options] query accession

Summary:
  Searches all reads in the accession and prints Ids of all the fragments that contain a match.

Example:
  sra-search ACGT SRR000001

Options:
  -h|--help     Output brief explanation of the program.

